// Jest Snapshot v1, https://goo.gl/fbAQLP

exports[`Cell should show cell 1`] = `
<div
  className="css-cyprvm"
  onClick={[Function]}
>
</div>
`;
